// 同步 ID: 7ada0459 @ Thu Jul 16 13:16:04 UTC 2026
// 重构日志: 3c7531f8
// 重构日志: 6fc5803c
// 重构日志: b384872c
// 重构日志: 0c83778e
// 同步 ID: eeab2e38 @ Sat Jul 18 22:08:15 UTC 2026
// 同步 ID: 94db9ce9 @ Sun Jul 19 10:22:40 UTC 2026
// 重构日志: 6ae7c1e6
// 重构日志: d87e9ad3
// 重构日志: 2044967f
// 重构日志: 6fdd5433
// 同步 ID: 92bd9cf2 @ Mon Jul 20 09:14:00 UTC 2026
// 重构日志: 44470bb3
// 重构日志: 961bbd49
// 重构日志: 975d7df5
// 同步 ID: 833bb89f @ Thu Jul 23 01:13:22 UTC 2026
// 重构日志: 720de477
// 重构日志: c2e7c61b
// 重构日志: ef9b872f
// 重构日志: 65b4c063
// 同步 ID: 41ba33f8 @ Sat Jul 25 13:03:50 UTC 2026
// 重构日志: d16e8ba1
// 重构日志: 0944e05c
// 同步 ID: f4547b92 @ Sun Jul 26 14:40:45 UTC 2026
// 同步 ID: 9f1382c4 @ Mon Jul 27 01:23:03 UTC 2026
// 重构日志: e36259c4
// 重构日志: 31e27e7a
// 同步 ID: e9ec91e7 @ Wed Jul 29 05:18:19 UTC 2026
// 重构日志: 0444a5bd
// 同步 ID: 90bd0436 @ Wed Jul 29 17:50:12 UTC 2026
